// Jest Snapshot v1, https://goo.gl/fbAQLP

exports[`Calculator renders Calculator correctly 1`] = `
<DocumentFragment>
  <div
    class="title"
  >
    <h2>
      Let's do some math!
    </h2>
  </div>
  <div
    class="calculator"
  >
    <div
      class="result"
    >
      0
    </div>
    <button
      data-type="function"
      data-value="AC"
      type="button"
    >
      AC
    </button>
    <button
      data-type="function"
      data-value="+/-"
      type="button"
    >
      +/-
    </button>
    <button
      data-type="function"
      data-value="%"
      type="button"
    >
      %
    </button>
    <button
      data-type="operation"
      data-value="รท"
      type="button"
    >
      รท
    </button>
    <button
      data-type="number"
      data-value="7"
      type="button"
    >
      7
    </button>
    <button
      data-type="number"
      data-value="8"
      type="button"
    >
      8
    </button>
    <button
      data-type="number"
      data-value="9"
      type="button"
    >
      9
    </button>
    <button
      data-type="operation"
      data-value="x"
      type="button"
    >
      x
    </button>
    <button
      data-type="number"
      data-value="4"
      type="button"
    >
      4
    </button>
    <button
      data-type="number"
      data-value="5"
      type="button"
    >
      5
    </button>
    <button
      data-type="number"
      data-value="6"
      type="button"
    >
      6
    </button>
    <button
      data-type="operation"
      data-value="-"
      type="button"
    >
      -
    </button>
    <button
      data-type="number"
      data-value="1"
      type="button"
    >
      1
    </button>
    <button
      data-type="number"
      data-value="2"
      type="button"
    >
      2
    </button>
    <button
      data-type="number"
      data-value="3"
      type="button"
    >
      3
    </button>
    <button
      data-type="operation"
      data-value="+"
      type="button"
    >
      +
    </button>
    <button
      data-type="number"
      data-value="0"
      type="button"
    >
      0
    </button>
    <button
      data-type="function"
      data-value="."
      type="button"
    >
      .
    </button>
    <button
      data-type="function"
      data-value="="
      type="button"
    >
      =
    </button>
  </div>
</DocumentFragment>
`;
